2026.09.21 16:51:48 INFO  Started: Metals version 1.6.9 in folders 'C:\Users\Usuario\practica_scala\parte3\parte3-1-vscode\torneo-twenty-one' for client Visual Studio Code 1.138.0.
2026.09.21 16:51:48 INFO  Memory monitor started
2026.09.21 16:51:48 WARN  Using H2 2.5.250 which is newer than the version Flyway has been verified with. The latest verified version of H2 is 2.3.232.
2026.09.21 16:51:49 INFO  no build target found for C:\Users\Usuario\practica_scala\parte3\parte3-1-vscode\torneo-twenty-one\build.sbt. Using presentation compiler with project's scala-library version: 3.3.8
2026.09.21 16:51:51 INFO  no build target found for C:\Users\Usuario\practica_scala\parte3\parte3-1-vscode\torneo-twenty-one\build.sbt. Using presentation compiler with project's scala-library version: 3.3.8
2026.09.21 16:51:51 INFO  no build target found for C:\Users\Usuario\practica_scala\parte3\parte3-1-vscode\torneo-twenty-one\build.sbt. Using presentation compiler with project's scala-library version: 3.3.8
sept 21, 2026 4:51:51 P. M. org.eclipse.lsp4j.jsonrpc.services.GenericEndpoint notify
INFORMACIÓN: Unsupported notification method: $/setTrace
2026.09.21 16:51:52 WARN  Could not find semantic tokens for: file:///C:/Users/Usuario/practica_scala/parte3/parte3-1-vscode/torneo-twenty-one/build.sbt
2026.09.21 16:51:53 INFO  no build target found for C:\Users\Usuario\practica_scala\parte3\parte3-1-vscode\torneo-twenty-one\build.sbt. Using presentation compiler with project's scala-library version: 3.3.8
2026.09.21 16:51:52 INFO  running 'C:\Program Files\Eclipse Adoptium\jdk-17.0.20.101-hotspot\bin\java.exe -Djline.terminal=jline.UnsupportedTerminal -Dsbt.log.noformat=true -Dfile.encoding=UTF-8 -Dsbt.version=1.13.0 -jar C:\Users\Usuario\AppData\Local\Temp\metals12151968042792146016\sbt-launch.jar -Dbloop.export-jar-classifiers=sources -Dbloop.export-meta-build=true bloopInstall'
2026.09.21 16:51:53 WARN  no build target for: C:\Users\Usuario\practica_scala\parte3\parte3-1-vscode\torneo-twenty-one\project\metals.sbt
2026.09.21 16:51:53 INFO  no build target found for C:\Users\Usuario\practica_scala\parte3\parte3-1-vscode\torneo-twenty-one\project\project\metals.sbt. Using presentation compiler with project's scala-library version: 3.3.8
2026.09.21 16:51:53 WARN  no build target for: C:\Users\Usuario\practica_scala\parte3\parte3-1-vscode\torneo-twenty-one\project\project\metals.sbt
2026.09.21 16:51:53 INFO  no build target found for C:\Users\Usuario\practica_scala\parte3\parte3-1-vscode\torneo-twenty-one\build.sbt. Using presentation compiler with project's scala-library version: 3.3.8
2026.09.21 16:51:54 WARN  Could not find semantic tokens for: file:///C:/Users/Usuario/practica_scala/parte3/parte3-1-vscode/torneo-twenty-one/build.sbt
2026.09.21 16:51:54 INFO  no build target found for C:\Users\Usuario\practica_scala\parte3\parte3-1-vscode\torneo-twenty-one\project\metals.sbt. Using presentation compiler with project's scala-library version: 3.3.8
2026.09.21 16:51:56 INFO  [info] Updated file C:\Users\Usuario\practica_scala\parte3\parte3-1-vscode\torneo-twenty-one\project\build.properties: set sbt.version to 1.13.0
2026.09.21 16:51:56 INFO  [info] welcome to sbt 1.13.0 (Eclipse Adoptium Java 17.0.20.1)
2026.09.21 16:51:56 INFO  no build target found for C:\Users\Usuario\practica_scala\parte3\parte3-1-vscode\torneo-twenty-one\build.sbt. Using presentation compiler with project's scala-library version: 3.3.8
2026.09.21 16:51:56 WARN  Could not find semantic tokens for: file:///C:/Users/Usuario/practica_scala/parte3/parte3-1-vscode/torneo-twenty-one/build.sbt
2026.09.21 16:51:59 INFO  [info] loading settings for project torneo-twenty-one-build-build from metals.sbt...
2026.09.21 16:51:59 INFO  no build target found for C:\Users\Usuario\practica_scala\parte3\parte3-1-vscode\torneo-twenty-one\build.sbt. Using presentation compiler with project's scala-library version: 3.3.8
2026.09.21 16:51:59 INFO  no build target found for C:\Users\Usuario\practica_scala\parte3\parte3-1-vscode\torneo-twenty-one\src\main\scala\Main.scala. Using presentation compiler with project's scala-library version: 3.3.8
2026.09.21 16:52:00 INFO  no build target found for C:\Users\Usuario\practica_scala\parte3\parte3-1-vscode\torneo-twenty-one\src\main\scala\Main.scala. Using presentation compiler with project's scala-library version: 3.3.8
sept 21, 2026 4:52:00 P. M. org.eclipse.lsp4j.jsonrpc.RemoteEndpoint handleCancellation
ADVERTENCIA: Unmatched cancel notification for request id 17
2026.09.21 16:51:59 INFO  no build target found for C:\Users\Usuario\practica_scala\parte3\parte3-1-vscode\torneo-twenty-one\src\main\scala\Main.scala. Using presentation compiler with project's scala-library version: 3.3.8
2026.09.21 16:52:00 INFO  no build target found for C:\Users\Usuario\practica_scala\parte3\parte3-1-vscode\torneo-twenty-one\src\main\scala\Main.scala. Using presentation compiler with project's scala-library version: 3.3.8
2026.09.21 16:52:00 INFO  [info] loading project definition from C:\Users\Usuario\practica_scala\parte3\parte3-1-vscode\torneo-twenty-one\project\project
2026.09.21 16:52:04 INFO  [info] loading settings for project torneo-twenty-one-build from metals.sbt...
2026.09.21 16:52:04 INFO  [info] loading project definition from C:\Users\Usuario\practica_scala\parte3\parte3-1-vscode\torneo-twenty-one\project
2026.09.21 16:52:08 INFO  [success] Generated .bloop\torneo-twenty-one-build.json
2026.09.21 16:52:08 INFO  [success] Total time: 4 s, completed 21 sept 2026 16:52:08
2026.09.21 16:52:09 INFO  [info] loading settings for project torneo-twenty-one from build.sbt...
2026.09.21 16:52:09 INFO  [info] set current project to torneo-twenty-one (in build file:/C:/Users/Usuario/practica_scala/parte3/parte3-1-vscode/torneo-twenty-one/)
2026.09.21 16:52:09 INFO  [success] Generated .bloop\torneo-twenty-one.json
2026.09.21 16:52:09 INFO  [success] Generated .bloop\torneo-twenty-one-test.json
2026.09.21 16:52:09 INFO  [success] Total time: 0 s, completed 21 sept 2026 16:52:10
2026.09.21 16:52:10 INFO  time: ran 'sbt bloopInstall' in 17s
2026.09.21 16:52:10 INFO  Attempting to connect to the build server...
2026.09.21 16:52:10 INFO  Found a Bloop server running
2026.09.21 16:52:10 INFO  Tracing is disabled for protocol BSP. To enable tracing of incoming and outgoing JSON messages, create an empty file at C:\Users\Usuario\practica_scala\parte3\parte3-1-vscode\torneo-twenty-one\.metals\bsp.trace.json or C:\Users\Usuario\AppData\Local\scalameta\metals\cache\bsp.trace.json
2026.09.21 16:52:10 INFO  Attempting to connect to the build server...
2026.09.21 16:52:10 INFO  Found a Bloop server running
2026.09.21 16:52:11 INFO  Tracing is disabled for protocol BSP. To enable tracing of incoming and outgoing JSON messages, create an empty file at C:\Users\Usuario\practica_scala\parte3\parte3-1-vscode\torneo-twenty-one\project\.metals\bsp.trace.json or C:\Users\Usuario\AppData\Local\scalameta\metals\cache\bsp.trace.json
2026.09.21 16:52:10 INFO  time: Connected to build server in 0.39s
2026.09.21 16:52:11 INFO  Connected to Build server: Bloop v2.0.19
2026.09.21 16:52:11 INFO  time: Imported build in 0.11s
2026.09.21 16:52:13 WARN  Using H2 2.5.250 which is newer than the version Flyway has been verified with. The latest verified version of H2 is 2.3.232.
2026.09.21 16:52:22 INFO  time: indexed workspace in 11s
2026.09.21 16:52:22 INFO  compiling torneo-twenty-one (1 scala source)
2026.09.21 16:52:22 INFO  Non-compiled module 'compiler-bridge_2.12' for Scala 2.12.21. Compiling...
2026.09.21 16:52:38 INFO  Compilation completed in 14.486s.
2026.09.21 16:52:40 INFO  time: compiled torneo-twenty-one in 17s
2026.09.21 16:52:41 INFO  time: code lens generation in 1.21s
2026.09.21 16:52:41 INFO  time: code lens generation in 1.21s
2026.09.21 16:52:41 INFO  time: code lens generation in 1.21s
2026.09.21 16:54:17 INFO  compiling torneo-twenty-one (1 scala source)
2026.09.21 16:54:17 INFO  time: compiled torneo-twenty-one in 0.15s
2026.09.21 16:54:34 INFO  compiling torneo-twenty-one (1 scala source)
2026.09.21 16:54:34 INFO  time: compiled torneo-twenty-one in 0.7s
sept 21, 2026 4:54:56 P. M. scala.meta.internal.pc.CompilerAccess retryWithCleanCompiler
INFORMACIÓN: compiler crashed due to an error in the Scala compiler, retrying with new compiler instance.
2026.09.21 16:54:56 INFO  Created report: Optional[file:///C:/Users/Usuario/practica_scala/parte3/parte3-1-vscode/torneo-twenty-one/src/main/scala/Main.scala]
2026.09.21 16:54:56 INFO  scala.reflect.internal.FatalError: 
  ThisType(method mostrarManos) for sym which is not a class
     while compiling: file:///C:/Users/Usuario/practica_scala/parte3/parte3-1-vscode/torneo-twenty-one/src/main/scala/Main.scala
        during phase: globalPhase=<no phase>, enteringPhase=parser
     library version: version 2.12.21
    compiler version: version 2.12.21
  reconstructed args: -classpath C:\Users\Usuario\practica_scala\parte3\parte3-1-vscode\torneo-twenty-one\.bloop\torneo-twenty-one\bloop-bsp-clients-classes\classes-Metals-Kp__ojlBQv2b3E6lvFMCGw==;C:\Users\Usuario\AppData\Local\bloop\cache\semanticdb\com.sourcegraph.semanticdb-javac.0.12.3\semanticdb-javac-0.12.3.jar;C:\Users\Usuario\.sbt\boot\scala-2.12.21\lib\scala-library.jar -Xplugin-require:semanticdb -Yrangepos -Ymacro-expand:discard -Ycache-plugin-class-loader:last-modified -Ypresentation-any-thread

  last tree to typer: Ident(i)
       tree position: line 53 of file:///C:/Users/Usuario/practica_scala/parte3/parte3-1-vscode/torneo-twenty-one/src/main/scala/Main.scala
            tree tpe: Int
              symbol: variable i
   symbol definition: var i: Int (a TermSymbol)
      symbol package: <empty>
       symbol owners: variable i -> method mostrarManos -> object Main
           call site: <none> in <none>

== Source file context for tree position ==

    50     var i = 0
    51 
    52     while (i < manos.length){
    53         println(s"${jugadores(i)} -> ${_CURSOR_puntuacionesRonda(i)} -> ${estadoMano(puntuacionesRonda(i))}"
    54         )
    55 
    56         i += 1 (full report at: "C:\Users\Usuario\practica_scala\parte3\parte3-1-vscode\torneo-twenty-one\.metals\.reports\metals-full\2026-09-21\r_compiler-error_(torneo-twenty-one)_16-54-56-695.md")
sept 21, 2026 4:54:56 P. M. scala.meta.internal.pc.CompilerAccess retryWithCleanCompiler
INFORMACIÓN: compiler crashed due to an error in the Scala compiler, retrying with new compiler instance.
2026.09.21 16:54:56 INFO  Created report: Optional[file:///C:/Users/Usuario/practica_scala/parte3/parte3-1-vscode/torneo-twenty-one/src/main/scala/Main.scala]
2026.09.21 16:54:56 INFO  scala.reflect.internal.FatalError: 
  ThisType(method mostrarManos) for sym which is not a class
     while compiling: file:///C:/Users/Usuario/practica_scala/parte3/parte3-1-vscode/torneo-twenty-one/src/main/scala/Main.scala
        during phase: globalPhase=<no phase>, enteringPhase=parser
     library version: version 2.12.21
    compiler version: version 2.12.21
  reconstructed args: -classpath C:\Users\Usuario\practica_scala\parte3\parte3-1-vscode\torneo-twenty-one\.bloop\torneo-twenty-one\bloop-bsp-clients-classes\classes-Metals-Kp__ojlBQv2b3E6lvFMCGw==;C:\Users\Usuario\AppData\Local\bloop\cache\semanticdb\com.sourcegraph.semanticdb-javac.0.12.3\semanticdb-javac-0.12.3.jar;C:\Users\Usuario\.sbt\boot\scala-2.12.21\lib\scala-library.jar -Xplugin-require:semanticdb -Yrangepos -Ymacro-expand:discard -Ycache-plugin-class-loader:last-modified -Ypresentation-any-thread

  last tree to typer: Ident(i)
       tree position: line 53 of file:///C:/Users/Usuario/practica_scala/parte3/parte3-1-vscode/torneo-twenty-one/src/main/scala/Main.scala
            tree tpe: Int
              symbol: variable i
   symbol definition: var i: Int (a TermSymbol)
      symbol package: <empty>
       symbol owners: variable i -> method mostrarManos -> object Main
           call site: <none> in <none>

== Source file context for tree position ==

    50     var i = 0
    51 
    52     while (i < manos.length){
    53         println(s"${jugadores(i)} -> ${puntuacionesRonda(i)} -> ${estadoMano(_CURSOR_puntuacionesRonda(i))}"
    54         )
    55 
    56         i += 1 (full report at: "C:\Users\Usuario\practica_scala\parte3\parte3-1-vscode\torneo-twenty-one\.metals\.reports\metals-full\2026-09-21\r_compiler-error_(torneo-twenty-one)_16-54-56-921.md")
sept 21, 2026 4:54:57 P. M. scala.meta.internal.pc.CompilerAccess retryWithCleanCompiler
INFORMACIÓN: compiler crashed due to an error in the Scala compiler, retrying with new compiler instance.
2026.09.21 16:54:56 INFO  Created report: Optional[file:///C:/Users/Usuario/practica_scala/parte3/parte3-1-vscode/torneo-twenty-one/src/main/scala/Main.scala]
2026.09.21 16:54:56 INFO  scala.reflect.internal.FatalError: 
  ThisType(method mostrarManos) for sym which is not a class
     while compiling: file:///C:/Users/Usuario/practica_scala/parte3/parte3-1-vscode/torneo-twenty-one/src/main/scala/Main.scala
        during phase: globalPhase=<no phase>, enteringPhase=parser
     library version: version 2.12.21
    compiler version: version 2.12.21
  reconstructed args: -classpath C:\Users\Usuario\practica_scala\parte3\parte3-1-vscode\torneo-twenty-one\.bloop\torneo-twenty-one\bloop-bsp-clients-classes\classes-Metals-Kp__ojlBQv2b3E6lvFMCGw==;C:\Users\Usuario\AppData\Local\bloop\cache\semanticdb\com.sourcegraph.semanticdb-javac.0.12.3\semanticdb-javac-0.12.3.jar;C:\Users\Usuario\.sbt\boot\scala-2.12.21\lib\scala-library.jar -Xplugin-require:semanticdb -Yrangepos -Ymacro-expand:discard -Ycache-plugin-class-loader:last-modified -Ypresentation-any-thread

  last tree to typer: Ident(i)
       tree position: line 53 of file:///C:/Users/Usuario/practica_scala/parte3/parte3-1-vscode/torneo-twenty-one/src/main/scala/Main.scala
            tree tpe: Int
              symbol: variable i
   symbol definition: var i: Int (a TermSymbol)
      symbol package: <empty>
       symbol owners: variable i -> method mostrarManos -> object Main
           call site: <none> in <none>

== Source file context for tree position ==

    50     var i = 0
    51 
    52     while (i < manos.length){
    53         println(s"${jugadores(i)} -> ${_CURSOR_puntuacionesRonda(i)} -> ${estadoMano(puntuacionesRonda(i))}"
    54         )
    55 
    56         i += 1 (full report at: "C:\Users\Usuario\practica_scala\parte3\parte3-1-vscode\torneo-twenty-one\.metals\.reports\metals-full\2026-09-21\r_compiler-error_(torneo-twenty-one)_16-54-57-365.md")
sept 21, 2026 4:54:57 P. M. scala.meta.internal.pc.CompilerAccess retryWithCleanCompiler
INFORMACIÓN: compiler crashed due to an error in the Scala compiler, retrying with new compiler instance.
2026.09.21 16:54:56 INFO  Created report: Optional[file:///C:/Users/Usuario/practica_scala/parte3/parte3-1-vscode/torneo-twenty-one/src/main/scala/Main.scala]
2026.09.21 16:54:56 INFO  scala.reflect.internal.FatalError: 
  ThisType(method mostrarManos) for sym which is not a class
     while compiling: file:///C:/Users/Usuario/practica_scala/parte3/parte3-1-vscode/torneo-twenty-one/src/main/scala/Main.scala
        during phase: globalPhase=<no phase>, enteringPhase=parser
     library version: version 2.12.21
    compiler version: version 2.12.21
  reconstructed args: -classpath C:\Users\Usuario\practica_scala\parte3\parte3-1-vscode\torneo-twenty-one\.bloop\torneo-twenty-one\bloop-bsp-clients-classes\classes-Metals-Kp__ojlBQv2b3E6lvFMCGw==;C:\Users\Usuario\AppData\Local\bloop\cache\semanticdb\com.sourcegraph.semanticdb-javac.0.12.3\semanticdb-javac-0.12.3.jar;C:\Users\Usuario\.sbt\boot\scala-2.12.21\lib\scala-library.jar -Xplugin-require:semanticdb -Yrangepos -Ymacro-expand:discard -Ycache-plugin-class-loader:last-modified -Ypresentation-any-thread

  last tree to typer: Ident(i)
       tree position: line 53 of file:///C:/Users/Usuario/practica_scala/parte3/parte3-1-vscode/torneo-twenty-one/src/main/scala/Main.scala
            tree tpe: Int
              symbol: variable i
   symbol definition: var i: Int (a TermSymbol)
      symbol package: <empty>
       symbol owners: variable i -> method mostrarManos -> object Main
           call site: <none> in <none>

== Source file context for tree position ==

    50     var i = 0
    51 
    52     while (i < manos.length){
    53         println(s"${jugadores(i)} -> ${puntuacionesRonda(i)} -> ${estadoMano(_CURSOR_puntuacionesRonda(i))}"
    54         )
    55 
    56         i += 1 (full report at: "C:\Users\Usuario\practica_scala\parte3\parte3-1-vscode\torneo-twenty-one\.metals\.reports\metals-full\2026-09-21\r_compiler-error_(torneo-twenty-one)_16-54-57-524.md")
sept 21, 2026 4:54:57 P. M. scala.meta.internal.pc.CompilerAccess retryWithCleanCompiler
INFORMACIÓN: compiler crashed due to an error in the Scala compiler, retrying with new compiler instance.
2026.09.21 16:54:57 INFO  Created report: Optional[file:///C:/Users/Usuario/practica_scala/parte3/parte3-1-vscode/torneo-twenty-one/src/main/scala/Main.scala]
2026.09.21 16:54:57 INFO  scala.reflect.internal.FatalError: 
  ThisType(method mostrarManos) for sym which is not a class
     while compiling: file:///C:/Users/Usuario/practica_scala/parte3/parte3-1-vscode/torneo-twenty-one/src/main/scala/Main.scala
        during phase: globalPhase=<no phase>, enteringPhase=parser
     library version: version 2.12.21
    compiler version: version 2.12.21
  reconstructed args: -classpath C:\Users\Usuario\practica_scala\parte3\parte3-1-vscode\torneo-twenty-one\.bloop\torneo-twenty-one\bloop-bsp-clients-classes\classes-Metals-Kp__ojlBQv2b3E6lvFMCGw==;C:\Users\Usuario\AppData\Local\bloop\cache\semanticdb\com.sourcegraph.semanticdb-javac.0.12.3\semanticdb-javac-0.12.3.jar;C:\Users\Usuario\.sbt\boot\scala-2.12.21\lib\scala-library.jar -Xplugin-require:semanticdb -Yrangepos -Ymacro-expand:discard -Ycache-plugin-class-loader:last-modified -Ypresentation-any-thread

  last tree to typer: Ident(i)
       tree position: line 53 of file:///C:/Users/Usuario/practica_scala/parte3/parte3-1-vscode/torneo-twenty-one/src/main/scala/Main.scala
            tree tpe: Int
              symbol: variable i
   symbol definition: var i: Int (a TermSymbol)
      symbol package: <empty>
       symbol owners: variable i -> method mostrarManos -> object Main
           call site: <none> in <none>

== Source file context for tree position ==

    50     var i = 0
    51 
    52     while (i < manos.length){
    53         println(s"${jugadores(i)} -> ${_CURSOR_puntuacionesRonda(i)} -> ${estadoMano(puntuacionesRonda(i))}"
    54         )
    55 
    56         i += 1 (full report at: "C:\Users\Usuario\practica_scala\parte3\parte3-1-vscode\torneo-twenty-one\.metals\.reports\metals-full\2026-09-21\r_compiler-error_(torneo-twenty-one)_16-54-57-845.md")
sept 21, 2026 4:54:57 P. M. scala.meta.internal.pc.CompilerAccess retryWithCleanCompiler
INFORMACIÓN: compiler crashed due to an error in the Scala compiler, retrying with new compiler instance.
2026.09.21 16:54:57 INFO  Created report: Optional[file:///C:/Users/Usuario/practica_scala/parte3/parte3-1-vscode/torneo-twenty-one/src/main/scala/Main.scala]
2026.09.21 16:54:57 INFO  scala.reflect.internal.FatalError: 
  ThisType(method mostrarManos) for sym which is not a class
     while compiling: file:///C:/Users/Usuario/practica_scala/parte3/parte3-1-vscode/torneo-twenty-one/src/main/scala/Main.scala
        during phase: globalPhase=<no phase>, enteringPhase=parser
     library version: version 2.12.21
    compiler version: version 2.12.21
  reconstructed args: -classpath C:\Users\Usuario\practica_scala\parte3\parte3-1-vscode\torneo-twenty-one\.bloop\torneo-twenty-one\bloop-bsp-clients-classes\classes-Metals-Kp__ojlBQv2b3E6lvFMCGw==;C:\Users\Usuario\AppData\Local\bloop\cache\semanticdb\com.sourcegraph.semanticdb-javac.0.12.3\semanticdb-javac-0.12.3.jar;C:\Users\Usuario\.sbt\boot\scala-2.12.21\lib\scala-library.jar -Xplugin-require:semanticdb -Yrangepos -Ymacro-expand:discard -Ycache-plugin-class-loader:last-modified -Ypresentation-any-thread

  last tree to typer: Ident(i)
       tree position: line 53 of file:///C:/Users/Usuario/practica_scala/parte3/parte3-1-vscode/torneo-twenty-one/src/main/scala/Main.scala
            tree tpe: Int
              symbol: variable i
   symbol definition: var i: Int (a TermSymbol)
      symbol package: <empty>
       symbol owners: variable i -> method mostrarManos -> object Main
           call site: <none> in <none>

== Source file context for tree position ==

    50     var i = 0
    51 
    52     while (i < manos.length){
    53         println(s"${jugadores(i)} -> ${puntuacionesRonda(i)} -> ${estadoMano(_CURSOR_puntuacionesRonda(i))}"
    54         )
    55 
    56         i += 1 (full report at: "C:\Users\Usuario\practica_scala\parte3\parte3-1-vscode\torneo-twenty-one\.metals\.reports\metals-full\2026-09-21\r_compiler-error_(torneo-twenty-one)_16-54-57-989.md")
sept 21, 2026 4:54:58 P. M. scala.meta.internal.pc.CompilerAccess retryWithCleanCompiler
INFORMACIÓN: compiler crashed due to an error in the Scala compiler, retrying with new compiler instance.
2026.09.21 16:54:57 INFO  Created report: Optional[file:///C:/Users/Usuario/practica_scala/parte3/parte3-1-vscode/torneo-twenty-one/src/main/scala/Main.scala]
2026.09.21 16:54:57 INFO  scala.reflect.internal.FatalError: 
  ThisType(method mostrarManos) for sym which is not a class
     while compiling: file:///C:/Users/Usuario/practica_scala/parte3/parte3-1-vscode/torneo-twenty-one/src/main/scala/Main.scala
        during phase: globalPhase=<no phase>, enteringPhase=parser
     library version: version 2.12.21
    compiler version: version 2.12.21
  reconstructed args: -classpath C:\Users\Usuario\practica_scala\parte3\parte3-1-vscode\torneo-twenty-one\.bloop\torneo-twenty-one\bloop-bsp-clients-classes\classes-Metals-Kp__ojlBQv2b3E6lvFMCGw==;C:\Users\Usuario\AppData\Local\bloop\cache\semanticdb\com.sourcegraph.semanticdb-javac.0.12.3\semanticdb-javac-0.12.3.jar;C:\Users\Usuario\.sbt\boot\scala-2.12.21\lib\scala-library.jar -Xplugin-require:semanticdb -Yrangepos -Ymacro-expand:discard -Ycache-plugin-class-loader:last-modified -Ypresentation-any-thread

  last tree to typer: Ident(i)
       tree position: line 53 of file:///C:/Users/Usuario/practica_scala/parte3/parte3-1-vscode/torneo-twenty-one/src/main/scala/Main.scala
            tree tpe: Int
              symbol: variable i
   symbol definition: var i: Int (a TermSymbol)
      symbol package: <empty>
       symbol owners: variable i -> method mostrarManos -> object Main
           call site: <none> in <none>

== Source file context for tree position ==

    50     var i = 0
    51 
    52     while (i < manos.length){
    53         println(s"${jugadores(i)} -> ${_CURSOR_puntuacionesRonda(i)} -> ${estadoMano(puntuacionesRonda(i))}"
    54         )
    55 
    56         i += 1 (full report at: "C:\Users\Usuario\practica_scala\parte3\parte3-1-vscode\torneo-twenty-one\.metals\.reports\metals-full\2026-09-21\r_compiler-error_(torneo-twenty-one)_16-54-58-443.md")
2026.09.21 16:55:00 INFO  compiling torneo-twenty-one (1 scala source)
2026.09.21 16:55:00 INFO  time: compiled torneo-twenty-one in 0.31s
2026.09.21 16:55:04 INFO  Created report: Optional[file:///C:/Users/Usuario/practica_scala/parte3/parte3-1-vscode/torneo-twenty-one/src/main/scala/Main.scala]
2026.09.21 16:55:04 INFO  empty definition using pc, found symbol in pc:  (full report at: "C:\Users\Usuario\practica_scala\parte3\parte3-1-vscode\torneo-twenty-one\.metals\.reports\metals-full\2026-09-21\r_empty-definition_(torneo-twenty-one)_16-55-04-691.md")
2026.09.21 16:55:05 INFO  compiling torneo-twenty-one (1 scala source)
2026.09.21 16:55:08 INFO  time: compiled torneo-twenty-one in 3.02s
sept 21, 2026 4:55:31 P. M. org.eclipse.lsp4j.jsonrpc.RemoteEndpoint handleCancellation
ADVERTENCIA: Unmatched cancel notification for request id 411
2026.09.21 16:55:38 INFO  compiling torneo-twenty-one (1 scala source)
2026.09.21 16:55:40 INFO  time: compiled torneo-twenty-one in 1.17s
sept 21, 2026 4:55:49 P. M. org.eclipse.lsp4j.jsonrpc.services.GenericEndpoint notify
INFORMACIÓN: Unsupported notification method: $/setTrace
sept 21, 2026 4:55:50 P. M. org.eclipse.lsp4j.jsonrpc.services.GenericEndpoint notify
INFORMACIÓN: Unsupported notification method: $/setTrace
something's wrong: no file:///C:/Users/Usuario/practica_scala/parte3/parte3-1-vscode/torneo-twenty-one/src/main/scala/Main.scala in Array[<error>]RangePosition(file:///C:/Users/Usuario/practica_scala/parte3/parte3-1-vscode/torneo-twenty-one/src/main/scala/Main.scala, 1002, 1002, 1017)
something's wrong: no file:///C:/Users/Usuario/practica_scala/parte3/parte3-1-vscode/torneo-twenty-one/src/main/scala/Main.scala in Array[<error>]RangePosition(file:///C:/Users/Usuario/practica_scala/parte3/parte3-1-vscode/torneo-twenty-one/src/main/scala/Main.scala, 1002, 1002, 1010)
something's wrong: no file:///C:/Users/Usuario/practica_scala/parte3/parte3-1-vscode/torneo-twenty-one/src/main/scala/Main.scala in Array[Int]RangePosition(file:///C:/Users/Usuario/practica_scala/parte3/parte3-1-vscode/torneo-twenty-one/src/main/scala/Main.scala, 1002, 1002, 1012)
sept 21, 2026 4:57:51 P. M. org.eclipse.lsp4j.jsonrpc.RemoteEndpoint handleCancellation
ADVERTENCIA: Unmatched cancel notification for request id 1239
sept 21, 2026 4:57:51 P. M. org.eclipse.lsp4j.jsonrpc.RemoteEndpoint handleCancellation
ADVERTENCIA: Unmatched cancel notification for request id 1238
sept 21, 2026 4:57:51 P. M. org.eclipse.lsp4j.jsonrpc.RemoteEndpoint handleCancellation
ADVERTENCIA: Unmatched cancel notification for request id 1240
2026.09.21 16:58:41 INFO  compiling torneo-twenty-one (1 scala source)
2026.09.21 16:58:41 INFO  time: compiled torneo-twenty-one in 99ms
2026.09.21 16:58:43 INFO  compiling torneo-twenty-one (1 scala source)
2026.09.21 16:58:45 INFO  time: compiled torneo-twenty-one in 1.32s
2026.09.21 16:59:05 INFO  compiling torneo-twenty-one (1 scala source)
2026.09.21 16:59:06 INFO  time: compiled torneo-twenty-one in 1.26s
Exception in thread "pool-13-thread-1" java.lang.InterruptedException
	at scala.meta.internal.metals.FutureCancelToken.checkCanceled(FutureCancelToken.scala:29)
	at scala.meta.internal.pc.CompilerAccess.$anonfun$onCompilerJobQueue$1(CompilerAccess.scala:207)
	at scala.meta.internal.pc.CompilerJobQueue$Job.run(CompilerJobQueue.scala:152)
	at java.base/java.util.concurrent.ThreadPoolExecutor.runWorker(ThreadPoolExecutor.java:1136)
	at java.base/java.util.concurrent.ThreadPoolExecutor$Worker.run(ThreadPoolExecutor.java:635)
	at java.base/java.lang.Thread.run(Thread.java:840)
Exception in thread "pool-13-thread-2" java.lang.InterruptedException
	at scala.meta.internal.metals.FutureCancelToken.checkCanceled(FutureCancelToken.scala:29)
	at scala.meta.internal.pc.CompilerAccess.$anonfun$onCompilerJobQueue$1(CompilerAccess.scala:207)
	at scala.meta.internal.pc.CompilerJobQueue$Job.run(CompilerJobQueue.scala:152)
	at java.base/java.util.concurrent.ThreadPoolExecutor.runWorker(ThreadPoolExecutor.java:1136)
	at java.base/java.util.concurrent.ThreadPoolExecutor$Worker.run(ThreadPoolExecutor.java:635)
	at java.base/java.lang.Thread.run(Thread.java:840)
2026.09.21 16:59:19 INFO  Created report: Optional[file:///C:/Users/Usuario/practica_scala/parte3/parte3-1-vscode/torneo-twenty-one/src/main/scala/Main.scala]
2026.09.21 16:59:19 INFO  empty definition using pc, found symbol in pc:  (full report at: "C:\Users\Usuario\practica_scala\parte3\parte3-1-vscode\torneo-twenty-one\.metals\.reports\metals-full\2026-09-21\r_empty-definition_(torneo-twenty-one)_16-59-19-476.md")
sept 21, 2026 4:59:20 P. M. org.eclipse.lsp4j.jsonrpc.RemoteEndpoint handleCancellation
ADVERTENCIA: Unmatched cancel notification for request id 1632
sept 21, 2026 4:59:32 P. M. org.eclipse.lsp4j.jsonrpc.RemoteEndpoint handleCancellation
ADVERTENCIA: Unmatched cancel notification for request id 1735
sept 21, 2026 4:59:46 P. M. org.eclipse.lsp4j.jsonrpc.RemoteEndpoint handleCancellation
ADVERTENCIA: Unmatched cancel notification for request id 1866
sept 21, 2026 5:00:07 P. M. org.eclipse.lsp4j.jsonrpc.RemoteEndpoint handleCancellation
ADVERTENCIA: Unmatched cancel notification for request id 1932
sept 21, 2026 5:01:14 P. M. org.eclipse.lsp4j.jsonrpc.RemoteEndpoint handleCancellation
ADVERTENCIA: Unmatched cancel notification for request id 2327
2026.09.21 17:02:36 INFO  compiling torneo-twenty-one (1 scala source)
2026.09.21 17:02:36 INFO  time: compiled torneo-twenty-one in 0.22s
2026.09.21 17:04:15 INFO  compiling torneo-twenty-one (1 scala source)
2026.09.21 17:04:15 INFO  time: compiled torneo-twenty-one in 0.21s
2026.09.21 17:04:40 INFO  compiling torneo-twenty-one (1 scala source)
2026.09.21 17:04:40 INFO  time: compiled torneo-twenty-one in 0.19s
